Token is valid.
Task 35 : DateRange updated successsfully.
Token is valid.
Task 36 : DateRange updated successsfully.
Token is valid.
Task 37 : DateRange updated successsfully.
Added bom_forecast_hourly_ww3 to the task queue
Task queue size: 1
Token is valid.
Task 35 : DateRange updated successsfully.
Token is valid.
Task 36 : DateRange updated successsfully.
Token is valid.
Task 37 : DateRange updated successsfully.
Added bom_forecast_hourly_ww3 to the task queue
Task queue size: 1
Token is valid.
Task 35 : DateRange updated successsfully.
Token is valid.
Task 36 : DateRange updated successsfully.
Token is valid.
Task 37 : DateRange updated successsfully.
Added bom_forecast_hourly_ww3 to the task queue
Task queue size: 1
Token is valid.
Task 35 : DateRange updated successsfully.
Token is valid.
Task 36 : DateRange updated successsfully.
Token is valid.
Task 37 : DateRange updated successsfully.
Added bom_forecast_hourly_ww3 to the task queue
Task queue size: 1
Token is valid.
Task 35 : DateRange updated successsfully.
Token is valid.
Task 36 : DateRange updated successsfully.
Token is valid.
Task 37 : DateRange updated successsfully.
Added bom_forecast_hourly_ww3 to the task queue
Task queue size: 1
Token is valid.
Task 35 : DateRange updated successsfully.
Token is valid.
Task 36 : DateRange updated successsfully.
Token is valid.
Task 37 : DateRange updated successsfully.
Added bom_forecast_hourly_ww3 to the task queue
Task queue size: 1
Token is valid.
Task 35 : DateRange updated successsfully.
Token is valid.
Task 36 : DateRange updated successsfully.
Token is valid.
Task 37 : DateRange updated successsfully.
Added bom_forecast_hourly_ww3 to the task queue
Task queue size: 1
Added bom_forecast_hourly_ww3 to the task queue
All tasks completed
Added bom_forecast_hourly_ww3 to the task queue
Starting worker process...
Task is taking too long, terminating...
Task processing completed
